Archive member included because of file (symbol)

/opt/uClinux/bfin-elf/lib/gcc/bfin-elf/4.3.5/../../../../bfin-elf/lib/libc.a(atexit.o)
                              /opt/uClinux/bfin-elf/lib/gcc/bfin-elf/4.3.5/../../../../bfin-elf/lib/basiccrt.o (_atexit)
/opt/uClinux/bfin-elf/lib/gcc/bfin-elf/4.3.5/../../../../bfin-elf/lib/libc.a(exit.o)
                              /opt/uClinux/bfin-elf/lib/gcc/bfin-elf/4.3.5/../../../../bfin-elf/lib/basiccrt.o (_exit)
/opt/uClinux/bfin-elf/lib/gcc/bfin-elf/4.3.5/../../../../bfin-elf/lib/libc.a(impure.o)
                              /opt/uClinux/bfin-elf/lib/gcc/bfin-elf/4.3.5/../../../../bfin-elf/lib/libc.a(exit.o) (__global_impure_ptr)
/opt/uClinux/bfin-elf/lib/gcc/bfin-elf/4.3.5/../../../../bfin-elf/lib/libc.a(memset.o)
                              /opt/uClinux/bfin-elf/lib/gcc/bfin-elf/4.3.5/../../../../bfin-elf/lib/basiccrt.o (_memset)
/opt/uClinux/bfin-elf/lib/gcc/bfin-elf/4.3.5/../../../../bfin-elf/lib/libc.a(__atexit.o)
                              /opt/uClinux/bfin-elf/lib/gcc/bfin-elf/4.3.5/../../../../bfin-elf/lib/libc.a(atexit.o) (___register_exitproc)
/opt/uClinux/bfin-elf/lib/gcc/bfin-elf/4.3.5/../../../../bfin-elf/lib/libc.a(__call_atexit.o)
                              /opt/uClinux/bfin-elf/lib/gcc/bfin-elf/4.3.5/../../../../bfin-elf/lib/libc.a(exit.o) (___call_exitprocs)
/opt/uClinux/bfin-elf/lib/gcc/bfin-elf/4.3.5/../../../../bfin-elf/lib/libnosys.a(_exit.o)
                              /opt/uClinux/bfin-elf/lib/gcc/bfin-elf/4.3.5/../../../../bfin-elf/lib/libc.a(exit.o) (__exit)

Memory Configuration

Name             Origin             Length             Attributes
MEM_L1_CODE      0xffa00000         0x00008000
MEM_L1_CODE_CACHE 0xffa10000         0x00004000
MEM_L1_SCRATCH   0xffb00000         0x00001000
MEM_L1_DATA_B    0xff900000         0x00008000
MEM_L1_DATA_A    0xff800000         0x00008000
MEM_L2           0xfeb00000         0x00020000
*default*        0x00000000         0xffffffff

Linker script and memory map

LOAD /opt/uClinux/bfin-elf/lib/gcc/bfin-elf/4.3.5/../../../../bfin-elf/lib/basiccrt.o
LOAD /opt/uClinux/bfin-elf/lib/gcc/bfin-elf/4.3.5/crti.o
LOAD /opt/uClinux/bfin-elf/lib/gcc/bfin-elf/4.3.5/crtbegin.o
LOAD /opt/uClinux/bfin-elf/lib/gcc/bfin-elf/4.3.5/crtlibid.o
LOAD /tmp/ccwIwSiG.o
LOAD /opt/uClinux/bfin-elf/lib/gcc/bfin-elf/4.3.5/libgcc.a
START GROUP
LOAD /opt/uClinux/bfin-elf/lib/gcc/bfin-elf/4.3.5/../../../../bfin-elf/lib/libc.a
LOAD /opt/uClinux/bfin-elf/lib/gcc/bfin-elf/4.3.5/../../../../bfin-elf/lib/libnosys.a
END GROUP
                0x00000000                PROVIDE (__executable_start, 0x0)
                0x00000000                . = 0x0

.interp
 *(.interp)

.hash
 *(.hash)

.dynsym
 *(.dynsym)

.dynstr
 *(.dynstr)

.gnu.version
 *(.gnu.version)

.gnu.version_d
 *(.gnu.version_d)

.gnu.version_r
 *(.gnu.version_r)

.rel.init
 *(.rel.init)

.rela.init
 *(.rela.init)

.rel.text
 *(.rel.text .rel.text.* .rel.gnu.linkonce.t.*)

.rela.text
 *(.rela.text .rela.text.* .rela.gnu.linkonce.t.*)

.rel.fini
 *(.rel.fini)

.rela.fini
 *(.rela.fini)

.rel.rodata
 *(.rel.rodata .rel.rodata.* .rel.gnu.linkonce.r.*)

.rela.rodata
 *(.rela.rodata .rela.rodata.* .rela.gnu.linkonce.r.*)

.rel.data.rel.ro
 *(.rel.data.rel.ro* .rel.gnu.linkonce.d.rel.ro.*)

.rela.data.rel.ro
 *(.rela.data.rel.ro* .rela.gnu.linkonce.d.rel.ro.*)

.rel.data
 *(.rel.data .rel.data.* .rel.gnu.linkonce.d.*)

.rela.data
 *(.rela.data .rela.data.* .rela.gnu.linkonce.d.*)

.rel.tdata
 *(.rel.tdata .rel.tdata.* .rel.gnu.linkonce.td.*)

.rela.tdata
 *(.rela.tdata .rela.tdata.* .rela.gnu.linkonce.td.*)

.rel.tbss
 *(.rel.tbss .rel.tbss.* .rel.gnu.linkonce.tb.*)

.rela.tbss
 *(.rela.tbss .rela.tbss.* .rela.gnu.linkonce.tb.*)

.rel.ctors
 *(.rel.ctors)

.rela.ctors
 *(.rela.ctors)

.rel.dtors
 *(.rel.dtors)

.rela.dtors
 *(.rela.dtors)

.rel.got
 *(.rel.got)

.rela.got
 *(.rela.got)

.rel.sdata
 *(.rel.sdata .rel.sdata.* .rel.gnu.linkonce.s.*)

.rela.sdata
 *(.rela.sdata .rela.sdata.* .rela.gnu.linkonce.s.*)

.rel.sbss
 *(.rel.sbss .rel.sbss.* .rel.gnu.linkonce.sb.*)

.rela.sbss
 *(.rela.sbss .rela.sbss.* .rela.gnu.linkonce.sb.*)

.rel.sdata2
 *(.rel.sdata2 .rel.sdata2.* .rel.gnu.linkonce.s2.*)

.rela.sdata2
 *(.rela.sdata2 .rela.sdata2.* .rela.gnu.linkonce.s2.*)

.rel.sbss2
 *(.rel.sbss2 .rel.sbss2.* .rel.gnu.linkonce.sb2.*)

.rela.sbss2
 *(.rela.sbss2 .rela.sbss2.* .rela.gnu.linkonce.sb2.*)

.rel.bss
 *(.rel.bss .rel.bss.* .rel.gnu.linkonce.b.*)

.rela.bss
 *(.rela.bss .rela.bss.* .rela.gnu.linkonce.b.*)

.rel.plt
 *(.rel.plt)

.rela.plt
 *(.rela.plt)

.l2
 *(.l2 .l2.*)

.text           0xffa00000      0x664
 *(.text .stub .text.* .gnu.linkonce.t.* .l1.text .l1.text.*)
 .text          0xffa00000      0x198 /opt/uClinux/bfin-elf/lib/gcc/bfin-elf/4.3.5/../../../../bfin-elf/lib/basiccrt.o
                0xffa00000                __start
 .text          0xffa00198        0x0 /opt/uClinux/bfin-elf/lib/gcc/bfin-elf/4.3.5/crti.o
 .text          0xffa00198       0xd8 /opt/uClinux/bfin-elf/lib/gcc/bfin-elf/4.3.5/crtbegin.o
 .text          0xffa00270        0x0 /opt/uClinux/bfin-elf/lib/gcc/bfin-elf/4.3.5/crtlibid.o
 .text          0xffa00270      0x198 /tmp/ccwIwSiG.o
                0xffa002c0                _ClearSet_LED
                0xffa0038c                _LED_Bar
                0xffa00270                _Delay
                0xffa00348                _ClearSet_LED_Bank
                0xffa00290                _Init_LEDs
                0xffa003cc                _main
 .text          0xffa00408       0x18 /opt/uClinux/bfin-elf/lib/gcc/bfin-elf/4.3.5/../../../../bfin-elf/lib/libc.a(atexit.o)
                0xffa00408                _atexit
 .text          0xffa00420       0x2c /opt/uClinux/bfin-elf/lib/gcc/bfin-elf/4.3.5/../../../../bfin-elf/lib/libc.a(exit.o)
                0xffa00420                _exit
 .text          0xffa0044c        0x0 /opt/uClinux/bfin-elf/lib/gcc/bfin-elf/4.3.5/../../../../bfin-elf/lib/libc.a(impure.o)
 .text          0xffa0044c       0x9c /opt/uClinux/bfin-elf/lib/gcc/bfin-elf/4.3.5/../../../../bfin-elf/lib/libc.a(memset.o)
                0xffa0044c                _memset
 .text          0xffa004e8       0x80 /opt/uClinux/bfin-elf/lib/gcc/bfin-elf/4.3.5/../../../../bfin-elf/lib/libc.a(__atexit.o)
                0xffa004e8                ___register_exitproc
 .text          0xffa00568       0xbc /opt/uClinux/bfin-elf/lib/gcc/bfin-elf/4.3.5/../../../../bfin-elf/lib/libc.a(__call_atexit.o)
                0xffa00568                ___call_exitprocs
 .text          0xffa00624        0x8 /opt/uClinux/bfin-elf/lib/gcc/bfin-elf/4.3.5/../../../../bfin-elf/lib/libnosys.a(_exit.o)
                0xffa00624                __exit
 .text          0xffa0062c       0x38 /opt/uClinux/bfin-elf/lib/gcc/bfin-elf/4.3.5/crtend.o
 .text          0xffa00664        0x0 /opt/uClinux/bfin-elf/lib/gcc/bfin-elf/4.3.5/crtn.o
 *(.text.*personality*)
 *(.gnu.warning)

.init           0xffa00664       0x12
 *(.init)
 .init          0xffa00664        0x4 /opt/uClinux/bfin-elf/lib/gcc/bfin-elf/4.3.5/crti.o
                0xffa00664                __init
 .init          0xffa00668        0x4 /opt/uClinux/bfin-elf/lib/gcc/bfin-elf/4.3.5/crtbegin.o
 .init          0xffa0066c        0x4 /opt/uClinux/bfin-elf/lib/gcc/bfin-elf/4.3.5/crtend.o
 .init          0xffa00670        0x6 /opt/uClinux/bfin-elf/lib/gcc/bfin-elf/4.3.5/crtn.o

.plt
 *(.plt)

.fini           0xffa00676        0xe
 *(.fini)
 .fini          0xffa00676        0x4 /opt/uClinux/bfin-elf/lib/gcc/bfin-elf/4.3.5/crti.o
                0xffa00676                __fini
 .fini          0xffa0067a        0x4 /opt/uClinux/bfin-elf/lib/gcc/bfin-elf/4.3.5/crtbegin.o
 .fini          0xffa0067e        0x6 /opt/uClinux/bfin-elf/lib/gcc/bfin-elf/4.3.5/crtn.o
                0xffa00684                PROVIDE (__etext, .)
                0xffa00684                PROVIDE (_etext, .)
                0xffa00684                PROVIDE (etext, .)

.rodata         0xff800000        0x8
 *(.rodata .rodata.* .gnu.linkonce.r.*)
 .rodata        0xff800000        0x4 /opt/uClinux/bfin-elf/lib/gcc/bfin-elf/4.3.5/../../../../bfin-elf/lib/libc.a(impure.o)
                0xff800000                __global_impure_ptr
 .rodata.str1.4
                0xff800004        0x4 /opt/uClinux/bfin-elf/lib/gcc/bfin-elf/4.3.5/../../../../bfin-elf/lib/libc.a(impure.o)

.rodata1
 *(.rodata1)

.sdata2
 *(.sdata2 .sdata2.* .gnu.linkonce.s2.*)

.sbss2
 *(.sbss2 .sbss2.* .gnu.linkonce.sb2.*)

.eh_frame_hdr
 *(.eh_frame_hdr)

.eh_frame       0xff800008        0x4
 *(.eh_frame)
 .eh_frame      0xff800008        0x0 /opt/uClinux/bfin-elf/lib/gcc/bfin-elf/4.3.5/crtbegin.o
 .eh_frame      0xff800008        0x4 /opt/uClinux/bfin-elf/lib/gcc/bfin-elf/4.3.5/crtend.o

.gcc_except_table
 *(.gcc_except_table .gcc_except_table.*)
                0xff80100c                . = (ALIGN (0x1000) + (. & 0xfff))

.eh_frame
 *(.eh_frame)

.gcc_except_table
 *(.gcc_except_table .gcc_except_table.*)

.tdata
 *(.tdata .tdata.* .gnu.linkonce.td.*)

.tbss
 *(.tbss .tbss.* .gnu.linkonce.tb.*)
 *(.tcommon)

.preinit_array  0xff80000c        0x0
                0xff80000c                PROVIDE (___preinit_array_start, .)
 *(.preinit_array)
                0xff80000c                PROVIDE (___preinit_array_end, .)

.init_array     0xff80000c        0x0
                0xff80000c                PROVIDE (___init_array_start, .)
 *(SORT(.init_array.*))
 *(.init_array)
                0xff80000c                PROVIDE (___init_array_end, .)

.fini_array     0xff80000c        0x0
                0xff80000c                PROVIDE (___fini_array_start, .)
 *(.fini_array)
 *(SORT(.fini_array.*))
                0xff80000c                PROVIDE (___fini_array_end, .)

.ctors          0xff80000c        0x8
 *crtbegin*.o(.ctors)
 *(EXCLUDE_FILE(*crtend*.o) .ctors)
 .ctors         0xff80000c        0x4 /opt/uClinux/bfin-elf/lib/gcc/bfin-elf/4.3.5/crtbegin.o
 *(SORT(.ctors.*))
 *(.ctors)
 .ctors         0xff800010        0x4 /opt/uClinux/bfin-elf/lib/gcc/bfin-elf/4.3.5/crtend.o

.dtors          0xff800014        0x8
 *crtbegin*.o(.dtors)
 *(EXCLUDE_FILE(*crtend*.o) .dtors)
 .dtors         0xff800014        0x4 /opt/uClinux/bfin-elf/lib/gcc/bfin-elf/4.3.5/crtbegin.o
 *(SORT(.dtors.*))
 *(.dtors)
 .dtors         0xff800018        0x4 /opt/uClinux/bfin-elf/lib/gcc/bfin-elf/4.3.5/crtend.o
                0xff800018                ___DTOR_END__

.jcr            0xff80001c        0x4
 *(.jcr)
 .jcr           0xff80001c        0x0 /opt/uClinux/bfin-elf/lib/gcc/bfin-elf/4.3.5/crtbegin.o
 .jcr           0xff80001c        0x4 /opt/uClinux/bfin-elf/lib/gcc/bfin-elf/4.3.5/crtend.o

.data.rel.ro
 *(.data.rel.ro.local* .gnu.linkonce.d.rel.ro.local.*)
 *(.data.rel.ro* .gnu.linkonce.d.rel.ro.*)

.dynamic
 *(.dynamic)

.data           0xff800020      0x408
 *(.data .data.* .gnu.linkonce.d.* .l1.data .l1.data.*)
 .data          0xff800020        0x0 /opt/uClinux/bfin-elf/lib/gcc/bfin-elf/4.3.5/../../../../bfin-elf/lib/basiccrt.o
 .data          0xff800020        0x0 /opt/uClinux/bfin-elf/lib/gcc/bfin-elf/4.3.5/crti.o
 .data          0xff800020        0x4 /opt/uClinux/bfin-elf/lib/gcc/bfin-elf/4.3.5/crtbegin.o
                0xff800020                ___dso_handle
 .data          0xff800024        0x0 /opt/uClinux/bfin-elf/lib/gcc/bfin-elf/4.3.5/crtlibid.o
 .data          0xff800024        0x0 /tmp/ccwIwSiG.o
 .data          0xff800024        0x0 /opt/uClinux/bfin-elf/lib/gcc/bfin-elf/4.3.5/../../../../bfin-elf/lib/libc.a(atexit.o)
 .data          0xff800024        0x0 /opt/uClinux/bfin-elf/lib/gcc/bfin-elf/4.3.5/../../../../bfin-elf/lib/libc.a(exit.o)
 .data          0xff800024      0x404 /opt/uClinux/bfin-elf/lib/gcc/bfin-elf/4.3.5/../../../../bfin-elf/lib/libc.a(impure.o)
                0xff800024                __impure_ptr
 .data          0xff800428        0x0 /opt/uClinux/bfin-elf/lib/gcc/bfin-elf/4.3.5/../../../../bfin-elf/lib/libc.a(memset.o)
 .data          0xff800428        0x0 /opt/uClinux/bfin-elf/lib/gcc/bfin-elf/4.3.5/../../../../bfin-elf/lib/libc.a(__atexit.o)
 .data          0xff800428        0x0 /opt/uClinux/bfin-elf/lib/gcc/bfin-elf/4.3.5/../../../../bfin-elf/lib/libc.a(__call_atexit.o)
 .data          0xff800428        0x0 /opt/uClinux/bfin-elf/lib/gcc/bfin-elf/4.3.5/../../../../bfin-elf/lib/libnosys.a(_exit.o)
 .data          0xff800428        0x0 /opt/uClinux/bfin-elf/lib/gcc/bfin-elf/4.3.5/crtend.o
 .data          0xff800428        0x0 /opt/uClinux/bfin-elf/lib/gcc/bfin-elf/4.3.5/crtn.o
 *(.gnu.linkonce.d.*personality*)

.data1
 *(.data1)

.got
 *(.got.plt)
 *(.got)

.sdata
 *(.sdata .sdata.* .gnu.linkonce.s.*)
                0xff800428                __edata = .
                0xff800428                PROVIDE (_edata, .)

.sbss           0xff800428        0x0
                0xff800428                __bss_start = .
 *(.dynsbss)
 *(.sbss .sbss.* .gnu.linkonce.sb.*)
 *(.scommon)

.bss            0xff800428       0x28
 *(.dynbss)
 *(.bss .bss.* .gnu.linkonce.b.*)
 .bss           0xff800428        0x4 /opt/uClinux/bfin-elf/lib/gcc/bfin-elf/4.3.5/../../../../bfin-elf/lib/basiccrt.o
 .bss           0xff80042c        0x0 /opt/uClinux/bfin-elf/lib/gcc/bfin-elf/4.3.5/crti.o
 .bss           0xff80042c       0x20 /opt/uClinux/bfin-elf/lib/gcc/bfin-elf/4.3.5/crtbegin.o
 .bss           0xff80044c        0x0 /opt/uClinux/bfin-elf/lib/gcc/bfin-elf/4.3.5/crtlibid.o
 .bss           0xff80044c        0x4 /tmp/ccwIwSiG.o
 .bss           0xff800450        0x0 /opt/uClinux/bfin-elf/lib/gcc/bfin-elf/4.3.5/../../../../bfin-elf/lib/libc.a(atexit.o)
 .bss           0xff800450        0x0 /opt/uClinux/bfin-elf/lib/gcc/bfin-elf/4.3.5/../../../../bfin-elf/lib/libc.a(exit.o)
 .bss           0xff800450        0x0 /opt/uClinux/bfin-elf/lib/gcc/bfin-elf/4.3.5/../../../../bfin-elf/lib/libc.a(impure.o)
 .bss           0xff800450        0x0 /opt/uClinux/bfin-elf/lib/gcc/bfin-elf/4.3.5/../../../../bfin-elf/lib/libc.a(memset.o)
 .bss           0xff800450        0x0 /opt/uClinux/bfin-elf/lib/gcc/bfin-elf/4.3.5/../../../../bfin-elf/lib/libc.a(__atexit.o)
 .bss           0xff800450        0x0 /opt/uClinux/bfin-elf/lib/gcc/bfin-elf/4.3.5/../../../../bfin-elf/lib/libc.a(__call_atexit.o)
 .bss           0xff800450        0x0 /opt/uClinux/bfin-elf/lib/gcc/bfin-elf/4.3.5/../../../../bfin-elf/lib/libnosys.a(_exit.o)
 .bss           0xff800450        0x0 /opt/uClinux/bfin-elf/lib/gcc/bfin-elf/4.3.5/crtend.o
 .bss           0xff800450        0x0 /opt/uClinux/bfin-elf/lib/gcc/bfin-elf/4.3.5/crtn.o
 *(COMMON)
                0xff800450                . = ALIGN ((. != 0x0)?0x4:0x1)
                0xff800450                __bss_end = .
                0xff800450                . = ALIGN (0x4)
                0xff800450                . = ALIGN (0x4)
                0xff800450                __end = .
                0xff800450                PROVIDE (_end, .)

.stab
 *(.stab)

.stabstr
 *(.stabstr)

.stab.excl
 *(.stab.excl)

.stab.exclstr
 *(.stab.exclstr)

.stab.index
 *(.stab.index)

.stab.indexstr
 *(.stab.indexstr)

.comment        0x00000000      0x150
 *(.comment)
 .comment       0x00000000        0xe /opt/uClinux/bfin-elf/lib/gcc/bfin-elf/4.3.5/crti.o
 .comment       0x0000000e       0x1d /opt/uClinux/bfin-elf/lib/gcc/bfin-elf/4.3.5/crtbegin.o
 .comment       0x0000002b       0x12 /opt/uClinux/bfin-elf/lib/gcc/bfin-elf/4.3.5/crtlibid.o
 .comment       0x0000003d       0x1d /tmp/ccwIwSiG.o
 .comment       0x0000005a       0x1d /opt/uClinux/bfin-elf/lib/gcc/bfin-elf/4.3.5/../../../../bfin-elf/lib/libc.a(atexit.o)
 .comment       0x00000077       0x1d /opt/uClinux/bfin-elf/lib/gcc/bfin-elf/4.3.5/../../../../bfin-elf/lib/libc.a(exit.o)
 .comment       0x00000094       0x1d /opt/uClinux/bfin-elf/lib/gcc/bfin-elf/4.3.5/../../../../bfin-elf/lib/libc.a(impure.o)
 .comment       0x000000b1       0x1d /opt/uClinux/bfin-elf/lib/gcc/bfin-elf/4.3.5/../../../../bfin-elf/lib/libc.a(memset.o)
 .comment       0x000000ce       0x1d /opt/uClinux/bfin-elf/lib/gcc/bfin-elf/4.3.5/../../../../bfin-elf/lib/libc.a(__atexit.o)
 .comment       0x000000eb       0x1d /opt/uClinux/bfin-elf/lib/gcc/bfin-elf/4.3.5/../../../../bfin-elf/lib/libc.a(__call_atexit.o)
 .comment       0x00000108       0x1d /opt/uClinux/bfin-elf/lib/gcc/bfin-elf/4.3.5/../../../../bfin-elf/lib/libnosys.a(_exit.o)
 .comment       0x00000125       0x1d /opt/uClinux/bfin-elf/lib/gcc/bfin-elf/4.3.5/crtend.o
 .comment       0x00000142        0xe /opt/uClinux/bfin-elf/lib/gcc/bfin-elf/4.3.5/crtn.o

.debug
 *(.debug)

.line
 *(.line)

.debug_srcinfo
 *(.debug_srcinfo)

.debug_sfnames
 *(.debug_sfnames)

.debug_aranges  0x00000000      0x100
 *(.debug_aranges)
 .debug_aranges
                0x00000000       0x20 /opt/uClinux/bfin-elf/lib/gcc/bfin-elf/4.3.5/../../../../bfin-elf/lib/basiccrt.o
 .debug_aranges
                0x00000020       0x20 /tmp/ccwIwSiG.o
 .debug_aranges
                0x00000040       0x20 /opt/uClinux/bfin-elf/lib/gcc/bfin-elf/4.3.5/../../../../bfin-elf/lib/libc.a(atexit.o)
 .debug_aranges
                0x00000060       0x20 /opt/uClinux/bfin-elf/lib/gcc/bfin-elf/4.3.5/../../../../bfin-elf/lib/libc.a(exit.o)
 .debug_aranges
                0x00000080       0x20 /opt/uClinux/bfin-elf/lib/gcc/bfin-elf/4.3.5/../../../../bfin-elf/lib/libc.a(memset.o)
 .debug_aranges
                0x000000a0       0x20 /opt/uClinux/bfin-elf/lib/gcc/bfin-elf/4.3.5/../../../../bfin-elf/lib/libc.a(__atexit.o)
 .debug_aranges
                0x000000c0       0x20 /opt/uClinux/bfin-elf/lib/gcc/bfin-elf/4.3.5/../../../../bfin-elf/lib/libc.a(__call_atexit.o)
 .debug_aranges
                0x000000e0       0x20 /opt/uClinux/bfin-elf/lib/gcc/bfin-elf/4.3.5/../../../../bfin-elf/lib/libnosys.a(_exit.o)

.debug_pubnames
                0x00000000      0x161
 *(.debug_pubnames)
 .debug_pubnames
                0x00000000       0x66 /tmp/ccwIwSiG.o
 .debug_pubnames
                0x00000066       0x1d /opt/uClinux/bfin-elf/lib/gcc/bfin-elf/4.3.5/../../../../bfin-elf/lib/libc.a(atexit.o)
 .debug_pubnames
                0x00000083       0x1b /opt/uClinux/bfin-elf/lib/gcc/bfin-elf/4.3.5/../../../../bfin-elf/lib/libc.a(exit.o)
 .debug_pubnames
                0x0000009e       0x39 /opt/uClinux/bfin-elf/lib/gcc/bfin-elf/4.3.5/../../../../bfin-elf/lib/libc.a(impure.o)
 .debug_pubnames
                0x000000d7       0x1d /opt/uClinux/bfin-elf/lib/gcc/bfin-elf/4.3.5/../../../../bfin-elf/lib/libc.a(memset.o)
 .debug_pubnames
                0x000000f4       0x2a /opt/uClinux/bfin-elf/lib/gcc/bfin-elf/4.3.5/../../../../bfin-elf/lib/libc.a(__atexit.o)
 .debug_pubnames
                0x0000011e       0x27 /opt/uClinux/bfin-elf/lib/gcc/bfin-elf/4.3.5/../../../../bfin-elf/lib/libc.a(__call_atexit.o)
 .debug_pubnames
                0x00000145       0x1c /opt/uClinux/bfin-elf/lib/gcc/bfin-elf/4.3.5/../../../../bfin-elf/lib/libnosys.a(_exit.o)

.debug_info     0x00000000     0x2a53
 *(.debug_info .gnu.linkonce.wi.*)
 .debug_info    0x00000000       0xd0 /opt/uClinux/bfin-elf/lib/gcc/bfin-elf/4.3.5/../../../../bfin-elf/lib/basiccrt.o
 .debug_info    0x000000d0      0x20e /tmp/ccwIwSiG.o
 .debug_info    0x000002de       0xba /opt/uClinux/bfin-elf/lib/gcc/bfin-elf/4.3.5/../../../../bfin-elf/lib/libc.a(atexit.o)
 .debug_info    0x00000398      0x923 /opt/uClinux/bfin-elf/lib/gcc/bfin-elf/4.3.5/../../../../bfin-elf/lib/libc.a(exit.o)
 .debug_info    0x00000cbb      0x91a /opt/uClinux/bfin-elf/lib/gcc/bfin-elf/4.3.5/../../../../bfin-elf/lib/libc.a(impure.o)
 .debug_info    0x000015d5      0x108 /opt/uClinux/bfin-elf/lib/gcc/bfin-elf/4.3.5/../../../../bfin-elf/lib/libc.a(memset.o)
 .debug_info    0x000016dd      0x98f /opt/uClinux/bfin-elf/lib/gcc/bfin-elf/4.3.5/../../../../bfin-elf/lib/libc.a(__atexit.o)
 .debug_info    0x0000206c      0x998 /opt/uClinux/bfin-elf/lib/gcc/bfin-elf/4.3.5/../../../../bfin-elf/lib/libc.a(__call_atexit.o)
 .debug_info    0x00002a04       0x4f /opt/uClinux/bfin-elf/lib/gcc/bfin-elf/4.3.5/../../../../bfin-elf/lib/libnosys.a(_exit.o)

.debug_abbrev   0x00000000      0x95c
 *(.debug_abbrev)
 .debug_abbrev  0x00000000       0x14 /opt/uClinux/bfin-elf/lib/gcc/bfin-elf/4.3.5/../../../../bfin-elf/lib/basiccrt.o
 .debug_abbrev  0x00000014      0x16c /tmp/ccwIwSiG.o
 .debug_abbrev  0x00000180       0x7f /opt/uClinux/bfin-elf/lib/gcc/bfin-elf/4.3.5/../../../../bfin-elf/lib/libc.a(atexit.o)
 .debug_abbrev  0x000001ff      0x175 /opt/uClinux/bfin-elf/lib/gcc/bfin-elf/4.3.5/../../../../bfin-elf/lib/libc.a(exit.o)
 .debug_abbrev  0x00000374      0x15e /opt/uClinux/bfin-elf/lib/gcc/bfin-elf/4.3.5/../../../../bfin-elf/lib/libc.a(impure.o)
 .debug_abbrev  0x000004d2       0xb0 /opt/uClinux/bfin-elf/lib/gcc/bfin-elf/4.3.5/../../../../bfin-elf/lib/libc.a(memset.o)
 .debug_abbrev  0x00000582      0x1d8 /opt/uClinux/bfin-elf/lib/gcc/bfin-elf/4.3.5/../../../../bfin-elf/lib/libc.a(__atexit.o)
 .debug_abbrev  0x0000075a      0x1bf /opt/uClinux/bfin-elf/lib/gcc/bfin-elf/4.3.5/../../../../bfin-elf/lib/libc.a(__call_atexit.o)
 .debug_abbrev  0x00000919       0x43 /opt/uClinux/bfin-elf/lib/gcc/bfin-elf/4.3.5/../../../../bfin-elf/lib/libnosys.a(_exit.o)

.debug_line     0x00000000      0x987
 *(.debug_line)
 .debug_line    0x00000000      0x125 /opt/uClinux/bfin-elf/lib/gcc/bfin-elf/4.3.5/../../../../bfin-elf/lib/basiccrt.o
 .debug_line    0x00000125       0x91 /tmp/ccwIwSiG.o
 .debug_line    0x000001b6       0x93 /opt/uClinux/bfin-elf/lib/gcc/bfin-elf/4.3.5/../../../../bfin-elf/lib/libc.a(atexit.o)
 .debug_line    0x00000249      0x156 /opt/uClinux/bfin-elf/lib/gcc/bfin-elf/4.3.5/../../../../bfin-elf/lib/libc.a(exit.o)
 .debug_line    0x0000039f      0x142 /opt/uClinux/bfin-elf/lib/gcc/bfin-elf/4.3.5/../../../../bfin-elf/lib/libc.a(impure.o)
 .debug_line    0x000004e1      0x10e /opt/uClinux/bfin-elf/lib/gcc/bfin-elf/4.3.5/../../../../bfin-elf/lib/libc.a(memset.o)
 .debug_line    0x000005ef      0x180 /opt/uClinux/bfin-elf/lib/gcc/bfin-elf/4.3.5/../../../../bfin-elf/lib/libc.a(__atexit.o)
 .debug_line    0x0000076f      0x194 /opt/uClinux/bfin-elf/lib/gcc/bfin-elf/4.3.5/../../../../bfin-elf/lib/libc.a(__call_atexit.o)
 .debug_line    0x00000903       0x84 /opt/uClinux/bfin-elf/lib/gcc/bfin-elf/4.3.5/../../../../bfin-elf/lib/libnosys.a(_exit.o)

.debug_frame    0x00000000      0x1d4
 *(.debug_frame)
 .debug_frame   0x00000000       0xbc /tmp/ccwIwSiG.o
 .debug_frame   0x000000bc       0x28 /opt/uClinux/bfin-elf/lib/gcc/bfin-elf/4.3.5/../../../../bfin-elf/lib/libc.a(atexit.o)
 .debug_frame   0x000000e4       0x30 /opt/uClinux/bfin-elf/lib/gcc/bfin-elf/4.3.5/../../../../bfin-elf/lib/libc.a(exit.o)
 .debug_frame   0x00000114       0x34 /opt/uClinux/bfin-elf/lib/gcc/bfin-elf/4.3.5/../../../../bfin-elf/lib/libc.a(memset.o)
 .debug_frame   0x00000148       0x28 /opt/uClinux/bfin-elf/lib/gcc/bfin-elf/4.3.5/../../../../bfin-elf/lib/libc.a(__atexit.o)
 .debug_frame   0x00000170       0x3c /opt/uClinux/bfin-elf/lib/gcc/bfin-elf/4.3.5/../../../../bfin-elf/lib/libc.a(__call_atexit.o)
 .debug_frame   0x000001ac       0x28 /opt/uClinux/bfin-elf/lib/gcc/bfin-elf/4.3.5/../../../../bfin-elf/lib/libnosys.a(_exit.o)

.debug_str      0x00000000      0x7b9
 *(.debug_str)
 .debug_str     0x00000000       0xe1 /tmp/ccwIwSiG.o
                                 0xf8 (size before relaxing)
 .debug_str     0x000000e1       0xc3 /opt/uClinux/bfin-elf/lib/gcc/bfin-elf/4.3.5/../../../../bfin-elf/lib/libc.a(atexit.o)
                                0x116 (size before relaxing)
 .debug_str     0x000001a4      0x3e7 /opt/uClinux/bfin-elf/lib/gcc/bfin-elf/4.3.5/../../../../bfin-elf/lib/libc.a(exit.o)
                                0x49b (size before relaxing)
 .debug_str     0x0000058b       0x61 /opt/uClinux/bfin-elf/lib/gcc/bfin-elf/4.3.5/../../../../bfin-elf/lib/libc.a(impure.o)
                                0x49e (size before relaxing)
 .debug_str     0x000005ec       0x78 /opt/uClinux/bfin-elf/lib/gcc/bfin-elf/4.3.5/../../../../bfin-elf/lib/libc.a(memset.o)
                                0x101 (size before relaxing)
 .debug_str     0x00000664       0x7f /opt/uClinux/bfin-elf/lib/gcc/bfin-elf/4.3.5/../../../../bfin-elf/lib/libc.a(__atexit.o)
                                0x4e5 (size before relaxing)
 .debug_str     0x000006e3       0x7c /opt/uClinux/bfin-elf/lib/gcc/bfin-elf/4.3.5/../../../../bfin-elf/lib/libc.a(__call_atexit.o)
                                0x4b7 (size before relaxing)
 .debug_str     0x0000075f       0x5a /opt/uClinux/bfin-elf/lib/gcc/bfin-elf/4.3.5/../../../../bfin-elf/lib/libnosys.a(_exit.o)
                                 0x66 (size before relaxing)

.debug_loc      0x00000000      0x562
 *(.debug_loc)
 .debug_loc     0x00000000      0x1e8 /tmp/ccwIwSiG.o
 .debug_loc     0x000001e8       0x3d /opt/uClinux/bfin-elf/lib/gcc/bfin-elf/4.3.5/../../../../bfin-elf/lib/libc.a(atexit.o)
 .debug_loc     0x00000225       0x49 /opt/uClinux/bfin-elf/lib/gcc/bfin-elf/4.3.5/../../../../bfin-elf/lib/libc.a(exit.o)
 .debug_loc     0x0000026e      0x100 /opt/uClinux/bfin-elf/lib/gcc/bfin-elf/4.3.5/../../../../bfin-elf/lib/libc.a(memset.o)
 .debug_loc     0x0000036e       0x92 /opt/uClinux/bfin-elf/lib/gcc/bfin-elf/4.3.5/../../../../bfin-elf/lib/libc.a(__atexit.o)
 .debug_loc     0x00000400      0x143 /opt/uClinux/bfin-elf/lib/gcc/bfin-elf/4.3.5/../../../../bfin-elf/lib/libc.a(__call_atexit.o)
 .debug_loc     0x00000543       0x1f /opt/uClinux/bfin-elf/lib/gcc/bfin-elf/4.3.5/../../../../bfin-elf/lib/libnosys.a(_exit.o)

.debug_macinfo
 *(.debug_macinfo)

.debug_weaknames
 *(.debug_weaknames)

.debug_funcnames
 *(.debug_funcnames)

.debug_typenames
 *(.debug_typenames)

.debug_varnames
 *(.debug_varnames)
                0xffb01000                __stack_end = 0xffb01000

/DISCARD/
 *(.note.GNU-stack)
LOAD /opt/uClinux/bfin-elf/lib/gcc/bfin-elf/4.3.5/libgcc.a
LOAD /opt/uClinux/bfin-elf/lib/gcc/bfin-elf/4.3.5/crtend.o
LOAD /opt/uClinux/bfin-elf/lib/gcc/bfin-elf/4.3.5/crtn.o
OUTPUT(blink elf32-bfin)

.debug_ranges   0x00000000       0x80
 .debug_ranges  0x00000000       0x58 /tmp/ccwIwSiG.o
 .debug_ranges  0x00000058       0x28 /opt/uClinux/bfin-elf/lib/gcc/bfin-elf/4.3.5/../../../../bfin-elf/lib/libc.a(__call_atexit.o)
