Archive member included because of file (symbol)

/opt/uClinux/bfin-elf/lib/gcc/bfin-elf/4.3.5/libgcc.a(_divsi3.o)
                              Audio_test.o (___divsi3)
/opt/uClinux/bfin-elf/lib/gcc/bfin-elf/4.3.5/libgcc.a(_udivsi3.o)
                              sincos.o (___udivsi3)
/opt/uClinux/bfin-elf/lib/gcc/bfin-elf/4.3.5/libgcc.a(_modsi3.o)
                              Audio_test.o (___modsi3)
/opt/uClinux/bfin-elf/lib/gcc/bfin-elf/4.3.5/../../../../bfin-elf/lib/libc.a(atexit.o)
                              /opt/uClinux/bfin-elf/lib/gcc/bfin-elf/4.3.5/../../../../bfin-elf/lib/basiccrt.o (_atexit)
/opt/uClinux/bfin-elf/lib/gcc/bfin-elf/4.3.5/../../../../bfin-elf/lib/libc.a(exit.o)
                              /opt/uClinux/bfin-elf/lib/gcc/bfin-elf/4.3.5/../../../../bfin-elf/lib/basiccrt.o (_exit)
/opt/uClinux/bfin-elf/lib/gcc/bfin-elf/4.3.5/../../../../bfin-elf/lib/libc.a(impure.o)
                              /opt/uClinux/bfin-elf/lib/gcc/bfin-elf/4.3.5/../../../../bfin-elf/lib/libc.a(exit.o) (__global_impure_ptr)
/opt/uClinux/bfin-elf/lib/gcc/bfin-elf/4.3.5/../../../../bfin-elf/lib/libc.a(memset.o)
                              /opt/uClinux/bfin-elf/lib/gcc/bfin-elf/4.3.5/../../../../bfin-elf/lib/basiccrt.o (_memset)
/opt/uClinux/bfin-elf/lib/gcc/bfin-elf/4.3.5/../../../../bfin-elf/lib/libc.a(__atexit.o)
                              /opt/uClinux/bfin-elf/lib/gcc/bfin-elf/4.3.5/../../../../bfin-elf/lib/libc.a(atexit.o) (___register_exitproc)
/opt/uClinux/bfin-elf/lib/gcc/bfin-elf/4.3.5/../../../../bfin-elf/lib/libc.a(__call_atexit.o)
                              /opt/uClinux/bfin-elf/lib/gcc/bfin-elf/4.3.5/../../../../bfin-elf/lib/libc.a(exit.o) (___call_exitprocs)
/opt/uClinux/bfin-elf/lib/gcc/bfin-elf/4.3.5/../../../../bfin-elf/lib/libnosys.a(_exit.o)
                              /opt/uClinux/bfin-elf/lib/gcc/bfin-elf/4.3.5/../../../../bfin-elf/lib/libc.a(exit.o) (__exit)

Allocating common symbols
Common symbol       size              file

sLeftChannelOut     0x2               Audio_test.o
sCodecRegsReadBack  0x78              Audio_test.o
g_sInput            0x4               Audio_test.o
sinOut              0x2               Audio_test.o
sRightChannelOut    0x2               Audio_test.o
dphase              0x2               Audio_test.o

Memory Configuration

Name             Origin             Length             Attributes
MEM_L1_CODE      0xffa00000         0x00008000
MEM_L1_CODE_CACHE 0xffa10000         0x00004000
MEM_L1_SCRATCH   0xffb00000         0x00001000
MEM_L1_DATA_B    0xff900000         0x00008000
MEM_L1_DATA_A    0xff800000         0x00008000
MEM_L2           0xfeb00000         0x00020000
*default*        0x00000000         0xffffffff

Linker script and memory map

LOAD /opt/uClinux/bfin-elf/lib/gcc/bfin-elf/4.3.5/../../../../bfin-elf/lib/basiccrt.o
LOAD /opt/uClinux/bfin-elf/lib/gcc/bfin-elf/4.3.5/crti.o
LOAD /opt/uClinux/bfin-elf/lib/gcc/bfin-elf/4.3.5/crtbegin.o
LOAD /opt/uClinux/bfin-elf/lib/gcc/bfin-elf/4.3.5/crtlibid.o
LOAD Audio_test.o
LOAD sincos.o
LOAD /opt/uClinux/bfin-elf/lib/gcc/bfin-elf/4.3.5/../../../../bfin-elf/lib/libm.a
LOAD /opt/uClinux/bfin-elf/bfin-elf/lib/libbfdsp.a
LOAD /opt/uClinux/bfin-elf/lib/gcc/bfin-elf/4.3.5/libgcc.a
START GROUP
LOAD /opt/uClinux/bfin-elf/lib/gcc/bfin-elf/4.3.5/../../../../bfin-elf/lib/libc.a
LOAD /opt/uClinux/bfin-elf/lib/gcc/bfin-elf/4.3.5/../../../../bfin-elf/lib/libnosys.a
END GROUP
                0x00000000                PROVIDE (__executable_start, 0x0)
                0x00000000                . = 0x0

.interp
 *(.interp)

.hash
 *(.hash)

.dynsym
 *(.dynsym)

.dynstr
 *(.dynstr)

.gnu.version
 *(.gnu.version)

.gnu.version_d
 *(.gnu.version_d)

.gnu.version_r
 *(.gnu.version_r)

.rel.init
 *(.rel.init)

.rela.init
 *(.rela.init)

.rel.text
 *(.rel.text .rel.text.* .rel.gnu.linkonce.t.*)

.rela.text
 *(.rela.text .rela.text.* .rela.gnu.linkonce.t.*)

.rel.fini
 *(.rel.fini)

.rela.fini
 *(.rela.fini)

.rel.rodata
 *(.rel.rodata .rel.rodata.* .rel.gnu.linkonce.r.*)

.rela.rodata
 *(.rela.rodata .rela.rodata.* .rela.gnu.linkonce.r.*)

.rel.data.rel.ro
 *(.rel.data.rel.ro* .rel.gnu.linkonce.d.rel.ro.*)

.rela.data.rel.ro
 *(.rela.data.rel.ro* .rela.gnu.linkonce.d.rel.ro.*)

.rel.data
 *(.rel.data .rel.data.* .rel.gnu.linkonce.d.*)

.rela.data
 *(.rela.data .rela.data.* .rela.gnu.linkonce.d.*)

.rel.tdata
 *(.rel.tdata .rel.tdata.* .rel.gnu.linkonce.td.*)

.rela.tdata
 *(.rela.tdata .rela.tdata.* .rela.gnu.linkonce.td.*)

.rel.tbss
 *(.rel.tbss .rel.tbss.* .rel.gnu.linkonce.tb.*)

.rela.tbss
 *(.rela.tbss .rela.tbss.* .rela.gnu.linkonce.tb.*)

.rel.ctors
 *(.rel.ctors)

.rela.ctors
 *(.rela.ctors)

.rel.dtors
 *(.rel.dtors)

.rela.dtors
 *(.rela.dtors)

.rel.got
 *(.rel.got)

.rela.got
 *(.rela.got)

.rel.sdata
 *(.rel.sdata .rel.sdata.* .rel.gnu.linkonce.s.*)

.rela.sdata
 *(.rela.sdata .rela.sdata.* .rela.gnu.linkonce.s.*)

.rel.sbss
 *(.rel.sbss .rel.sbss.* .rel.gnu.linkonce.sb.*)

.rela.sbss
 *(.rela.sbss .rela.sbss.* .rela.gnu.linkonce.sb.*)

.rel.sdata2
 *(.rel.sdata2 .rel.sdata2.* .rel.gnu.linkonce.s2.*)

.rela.sdata2
 *(.rela.sdata2 .rela.sdata2.* .rela.gnu.linkonce.s2.*)

.rel.sbss2
 *(.rel.sbss2 .rel.sbss2.* .rel.gnu.linkonce.sb2.*)

.rela.sbss2
 *(.rela.sbss2 .rela.sbss2.* .rela.gnu.linkonce.sb2.*)

.rel.bss
 *(.rel.bss .rel.bss.* .rel.gnu.linkonce.b.*)

.rela.bss
 *(.rela.bss .rela.bss.* .rela.gnu.linkonce.b.*)

.rel.plt
 *(.rel.plt)

.rela.plt
 *(.rela.plt)

.l2
 *(.l2 .l2.*)

.text           0xffa00000     0x1064
 *(.text .stub .text.* .gnu.linkonce.t.* .l1.text .l1.text.*)
 .text          0xffa00000      0x198 /opt/uClinux/bfin-elf/lib/gcc/bfin-elf/4.3.5/../../../../bfin-elf/lib/basiccrt.o
                0xffa00000                __start
 .text          0xffa00198        0x0 /opt/uClinux/bfin-elf/lib/gcc/bfin-elf/4.3.5/crti.o
 .text          0xffa00198       0xd8 /opt/uClinux/bfin-elf/lib/gcc/bfin-elf/4.3.5/crtbegin.o
 .text          0xffa00270        0x0 /opt/uClinux/bfin-elf/lib/gcc/bfin-elf/4.3.5/crtlibid.o
 .text          0xffa00270      0x9ac Audio_test.o
                0xffa00428                _initButtons
                0xffa00b84                _initLEDs
                0xffa008f0                _note2Frequency
                0xffa00394                _audioReset
                0xffa00bd0                _main
 .text          0xffa00c1c       0x90 sincos.o
                0xffa00c1c                _sincos_step
                0xffa00c88                _fill_buffer
                0xffa00c60                _compute_dphase
 .text          0xffa00cac       0xa8 /opt/uClinux/bfin-elf/lib/gcc/bfin-elf/4.3.5/libgcc.a(_divsi3.o)
                0xffa00cac                ___divsi3
 .text          0xffa00d54       0x9c /opt/uClinux/bfin-elf/lib/gcc/bfin-elf/4.3.5/libgcc.a(_udivsi3.o)
                0xffa00d54                ___udivsi3
 .text          0xffa00df0       0x18 /opt/uClinux/bfin-elf/lib/gcc/bfin-elf/4.3.5/libgcc.a(_modsi3.o)
                0xffa00df0                ___modsi3
 .text          0xffa00e08       0x18 /opt/uClinux/bfin-elf/lib/gcc/bfin-elf/4.3.5/../../../../bfin-elf/lib/libc.a(atexit.o)
                0xffa00e08                _atexit
 .text          0xffa00e20       0x2c /opt/uClinux/bfin-elf/lib/gcc/bfin-elf/4.3.5/../../../../bfin-elf/lib/libc.a(exit.o)
                0xffa00e20                _exit
 .text          0xffa00e4c        0x0 /opt/uClinux/bfin-elf/lib/gcc/bfin-elf/4.3.5/../../../../bfin-elf/lib/libc.a(impure.o)
 .text          0xffa00e4c       0x9c /opt/uClinux/bfin-elf/lib/gcc/bfin-elf/4.3.5/../../../../bfin-elf/lib/libc.a(memset.o)
                0xffa00e4c                _memset
 .text          0xffa00ee8       0x80 /opt/uClinux/bfin-elf/lib/gcc/bfin-elf/4.3.5/../../../../bfin-elf/lib/libc.a(__atexit.o)
                0xffa00ee8                ___register_exitproc
 .text          0xffa00f68       0xbc /opt/uClinux/bfin-elf/lib/gcc/bfin-elf/4.3.5/../../../../bfin-elf/lib/libc.a(__call_atexit.o)
                0xffa00f68                ___call_exitprocs
 .text          0xffa01024        0x8 /opt/uClinux/bfin-elf/lib/gcc/bfin-elf/4.3.5/../../../../bfin-elf/lib/libnosys.a(_exit.o)
                0xffa01024                __exit
 .text          0xffa0102c       0x38 /opt/uClinux/bfin-elf/lib/gcc/bfin-elf/4.3.5/crtend.o
 .text          0xffa01064        0x0 /opt/uClinux/bfin-elf/lib/gcc/bfin-elf/4.3.5/crtn.o
 *(.text.*personality*)
 *(.gnu.warning)

.init           0xffa01064       0x12
 *(.init)
 .init          0xffa01064        0x4 /opt/uClinux/bfin-elf/lib/gcc/bfin-elf/4.3.5/crti.o
                0xffa01064                __init
 .init          0xffa01068        0x4 /opt/uClinux/bfin-elf/lib/gcc/bfin-elf/4.3.5/crtbegin.o
 .init          0xffa0106c        0x4 /opt/uClinux/bfin-elf/lib/gcc/bfin-elf/4.3.5/crtend.o
 .init          0xffa01070        0x6 /opt/uClinux/bfin-elf/lib/gcc/bfin-elf/4.3.5/crtn.o

.plt
 *(.plt)

.fini           0xffa01076        0xe
 *(.fini)
 .fini          0xffa01076        0x4 /opt/uClinux/bfin-elf/lib/gcc/bfin-elf/4.3.5/crti.o
                0xffa01076                __fini
 .fini          0xffa0107a        0x4 /opt/uClinux/bfin-elf/lib/gcc/bfin-elf/4.3.5/crtbegin.o
 .fini          0xffa0107e        0x6 /opt/uClinux/bfin-elf/lib/gcc/bfin-elf/4.3.5/crtn.o
                0xffa01084                PROVIDE (__etext, .)
                0xffa01084                PROVIDE (_etext, .)
                0xffa01084                PROVIDE (etext, .)

.rodata         0xff800000        0x8
 *(.rodata .rodata.* .gnu.linkonce.r.*)
 .rodata        0xff800000        0x4 /opt/uClinux/bfin-elf/lib/gcc/bfin-elf/4.3.5/../../../../bfin-elf/lib/libc.a(impure.o)
                0xff800000                __global_impure_ptr
 .rodata.str1.4
                0xff800004        0x4 /opt/uClinux/bfin-elf/lib/gcc/bfin-elf/4.3.5/../../../../bfin-elf/lib/libc.a(impure.o)

.rodata1
 *(.rodata1)

.sdata2
 *(.sdata2 .sdata2.* .gnu.linkonce.s2.*)

.sbss2
 *(.sbss2 .sbss2.* .gnu.linkonce.sb2.*)

.eh_frame_hdr
 *(.eh_frame_hdr)

.eh_frame       0xff800008        0x4
 *(.eh_frame)
 .eh_frame      0xff800008        0x0 /opt/uClinux/bfin-elf/lib/gcc/bfin-elf/4.3.5/crtbegin.o
 .eh_frame      0xff800008        0x4 /opt/uClinux/bfin-elf/lib/gcc/bfin-elf/4.3.5/crtend.o

.gcc_except_table
 *(.gcc_except_table .gcc_except_table.*)
                0xff80100c                . = (ALIGN (0x1000) + (. & 0xfff))

.eh_frame
 *(.eh_frame)

.gcc_except_table
 *(.gcc_except_table .gcc_except_table.*)

.tdata
 *(.tdata .tdata.* .gnu.linkonce.td.*)

.tbss
 *(.tbss .tbss.* .gnu.linkonce.tb.*)
 *(.tcommon)

.preinit_array  0xff80000c        0x0
                0xff80000c                PROVIDE (___preinit_array_start, .)
 *(.preinit_array)
                0xff80000c                PROVIDE (___preinit_array_end, .)

.init_array     0xff80000c        0x0
                0xff80000c                PROVIDE (___init_array_start, .)
 *(SORT(.init_array.*))
 *(.init_array)
                0xff80000c                PROVIDE (___init_array_end, .)

.fini_array     0xff80000c        0x0
                0xff80000c                PROVIDE (___fini_array_start, .)
 *(.fini_array)
 *(SORT(.fini_array.*))
                0xff80000c                PROVIDE (___fini_array_end, .)

.ctors          0xff80000c        0x8
 *crtbegin*.o(.ctors)
 *(EXCLUDE_FILE(*crtend*.o) .ctors)
 .ctors         0xff80000c        0x4 /opt/uClinux/bfin-elf/lib/gcc/bfin-elf/4.3.5/crtbegin.o
 *(SORT(.ctors.*))
 *(.ctors)
 .ctors         0xff800010        0x4 /opt/uClinux/bfin-elf/lib/gcc/bfin-elf/4.3.5/crtend.o

.dtors          0xff800014        0x8
 *crtbegin*.o(.dtors)
 *(EXCLUDE_FILE(*crtend*.o) .dtors)
 .dtors         0xff800014        0x4 /opt/uClinux/bfin-elf/lib/gcc/bfin-elf/4.3.5/crtbegin.o
 *(SORT(.dtors.*))
 *(.dtors)
 .dtors         0xff800018        0x4 /opt/uClinux/bfin-elf/lib/gcc/bfin-elf/4.3.5/crtend.o
                0xff800018                ___DTOR_END__

.jcr            0xff80001c        0x4
 *(.jcr)
 .jcr           0xff80001c        0x0 /opt/uClinux/bfin-elf/lib/gcc/bfin-elf/4.3.5/crtbegin.o
 .jcr           0xff80001c        0x4 /opt/uClinux/bfin-elf/lib/gcc/bfin-elf/4.3.5/crtend.o

.data.rel.ro
 *(.data.rel.ro.local* .gnu.linkonce.d.rel.ro.local.*)
 *(.data.rel.ro* .gnu.linkonce.d.rel.ro.*)

.dynamic
 *(.dynamic)

.data           0xff800020      0x4d0
 *(.data .data.* .gnu.linkonce.d.* .l1.data .l1.data.*)
 .data          0xff800020        0x0 /opt/uClinux/bfin-elf/lib/gcc/bfin-elf/4.3.5/../../../../bfin-elf/lib/basiccrt.o
 .data          0xff800020        0x0 /opt/uClinux/bfin-elf/lib/gcc/bfin-elf/4.3.5/crti.o
 .data          0xff800020        0x4 /opt/uClinux/bfin-elf/lib/gcc/bfin-elf/4.3.5/crtbegin.o
                0xff800020                ___dso_handle
 .data          0xff800024        0x0 /opt/uClinux/bfin-elf/lib/gcc/bfin-elf/4.3.5/crtlibid.o
 .data          0xff800024       0xc8 Audio_test.o
                0xff800038                _g_iSampleIndex
                0xff8000e8                _Cos
                0xff8000b8                _scale
                0xff80003e                _sCodecRegs
                0xff800024                _Tx0Buffer
                0xff800034                _sAc97Tag
                0xff80003c                _firstSend
 .data          0xff8000ec        0x0 sincos.o
 .data          0xff8000ec        0x0 /opt/uClinux/bfin-elf/lib/gcc/bfin-elf/4.3.5/libgcc.a(_divsi3.o)
 .data          0xff8000ec        0x0 /opt/uClinux/bfin-elf/lib/gcc/bfin-elf/4.3.5/libgcc.a(_udivsi3.o)
 .data          0xff8000ec        0x0 /opt/uClinux/bfin-elf/lib/gcc/bfin-elf/4.3.5/libgcc.a(_modsi3.o)
 .data          0xff8000ec        0x0 /opt/uClinux/bfin-elf/lib/gcc/bfin-elf/4.3.5/../../../../bfin-elf/lib/libc.a(atexit.o)
 .data          0xff8000ec        0x0 /opt/uClinux/bfin-elf/lib/gcc/bfin-elf/4.3.5/../../../../bfin-elf/lib/libc.a(exit.o)
 .data          0xff8000ec      0x404 /opt/uClinux/bfin-elf/lib/gcc/bfin-elf/4.3.5/../../../../bfin-elf/lib/libc.a(impure.o)
                0xff8000ec                __impure_ptr
 .data          0xff8004f0        0x0 /opt/uClinux/bfin-elf/lib/gcc/bfin-elf/4.3.5/../../../../bfin-elf/lib/libc.a(memset.o)
 .data          0xff8004f0        0x0 /opt/uClinux/bfin-elf/lib/gcc/bfin-elf/4.3.5/../../../../bfin-elf/lib/libc.a(__atexit.o)
 .data          0xff8004f0        0x0 /opt/uClinux/bfin-elf/lib/gcc/bfin-elf/4.3.5/../../../../bfin-elf/lib/libc.a(__call_atexit.o)
 .data          0xff8004f0        0x0 /opt/uClinux/bfin-elf/lib/gcc/bfin-elf/4.3.5/../../../../bfin-elf/lib/libnosys.a(_exit.o)
 .data          0xff8004f0        0x0 /opt/uClinux/bfin-elf/lib/gcc/bfin-elf/4.3.5/crtend.o
 .data          0xff8004f0        0x0 /opt/uClinux/bfin-elf/lib/gcc/bfin-elf/4.3.5/crtn.o
 *(.gnu.linkonce.d.*personality*)

.data1
 *(.data1)

.got
 *(.got.plt)
 *(.got)

.sdata
 *(.sdata .sdata.* .gnu.linkonce.s.*)
                0xff8004f0                __edata = .
                0xff8004f0                PROVIDE (_edata, .)

.sbss           0xff8004f0        0x0
                0xff8004f0                __bss_start = .
 *(.dynsbss)
 *(.sbss .sbss.* .gnu.linkonce.sb.*)
 *(.scommon)

.bss            0xff8004f0       0xe4
 *(.dynbss)
 *(.bss .bss.* .gnu.linkonce.b.*)
 .bss           0xff8004f0        0x4 /opt/uClinux/bfin-elf/lib/gcc/bfin-elf/4.3.5/../../../../bfin-elf/lib/basiccrt.o
 .bss           0xff8004f4        0x0 /opt/uClinux/bfin-elf/lib/gcc/bfin-elf/4.3.5/crti.o
 .bss           0xff8004f4       0x20 /opt/uClinux/bfin-elf/lib/gcc/bfin-elf/4.3.5/crtbegin.o
 .bss           0xff800514        0x0 /opt/uClinux/bfin-elf/lib/gcc/bfin-elf/4.3.5/crtlibid.o
 .bss           0xff800514       0x38 Audio_test.o
                0xff800534                _cycle_stop
                0xff80054a                _Sin
                0xff800528                _buttonCount
                0xff800546                _slot16Mode
                0xff800548                _z
                0xff80052c                _cycle_start
                0xff800540                _delayCounter
                0xff800526                _buttonState
                0xff800544                _kCounter
                0xff800524                _buttonTest
                0xff800514                _Rx0Buffer
                0xff80053c                _offset
 .bss           0xff80054c        0x0 sincos.o
 .bss           0xff80054c        0x0 /opt/uClinux/bfin-elf/lib/gcc/bfin-elf/4.3.5/libgcc.a(_divsi3.o)
 .bss           0xff80054c        0x0 /opt/uClinux/bfin-elf/lib/gcc/bfin-elf/4.3.5/libgcc.a(_udivsi3.o)
 .bss           0xff80054c        0x0 /opt/uClinux/bfin-elf/lib/gcc/bfin-elf/4.3.5/libgcc.a(_modsi3.o)
 .bss           0xff80054c        0x0 /opt/uClinux/bfin-elf/lib/gcc/bfin-elf/4.3.5/../../../../bfin-elf/lib/libc.a(atexit.o)
 .bss           0xff80054c        0x0 /opt/uClinux/bfin-elf/lib/gcc/bfin-elf/4.3.5/../../../../bfin-elf/lib/libc.a(exit.o)
 .bss           0xff80054c        0x0 /opt/uClinux/bfin-elf/lib/gcc/bfin-elf/4.3.5/../../../../bfin-elf/lib/libc.a(impure.o)
 .bss           0xff80054c        0x0 /opt/uClinux/bfin-elf/lib/gcc/bfin-elf/4.3.5/../../../../bfin-elf/lib/libc.a(memset.o)
 .bss           0xff80054c        0x0 /opt/uClinux/bfin-elf/lib/gcc/bfin-elf/4.3.5/../../../../bfin-elf/lib/libc.a(__atexit.o)
 .bss           0xff80054c        0x0 /opt/uClinux/bfin-elf/lib/gcc/bfin-elf/4.3.5/../../../../bfin-elf/lib/libc.a(__call_atexit.o)
 .bss           0xff80054c        0x0 /opt/uClinux/bfin-elf/lib/gcc/bfin-elf/4.3.5/../../../../bfin-elf/lib/libnosys.a(_exit.o)
 .bss           0xff80054c        0x0 /opt/uClinux/bfin-elf/lib/gcc/bfin-elf/4.3.5/crtend.o
 .bss           0xff80054c        0x0 /opt/uClinux/bfin-elf/lib/gcc/bfin-elf/4.3.5/crtn.o
 *(COMMON)
 COMMON         0xff80054c       0x86 Audio_test.o
                0xff80054c                _sLeftChannelOut
                0xff80054e                _sCodecRegsReadBack
                0xff8005c8                _g_sInput
                0xff8005cc                _sinOut
                0xff8005ce                _sRightChannelOut
                0xff8005d0                _dphase
                0xff8005d4                . = ALIGN ((. != 0x0)?0x4:0x1)
 *fill*         0xff8005d2        0x2 00
                0xff8005d4                __bss_end = .
                0xff8005d4                . = ALIGN (0x4)
                0xff8005d4                . = ALIGN (0x4)
                0xff8005d4                __end = .
                0xff8005d4                PROVIDE (_end, .)

.stab
 *(.stab)

.stabstr
 *(.stabstr)

.stab.excl
 *(.stab.excl)

.stab.exclstr
 *(.stab.exclstr)

.stab.index
 *(.stab.index)

.stab.indexstr
 *(.stab.indexstr)

.comment        0x00000000      0x16d
 *(.comment)
 .comment       0x00000000        0xe /opt/uClinux/bfin-elf/lib/gcc/bfin-elf/4.3.5/crti.o
 .comment       0x0000000e       0x1d /opt/uClinux/bfin-elf/lib/gcc/bfin-elf/4.3.5/crtbegin.o
 .comment       0x0000002b       0x12 /opt/uClinux/bfin-elf/lib/gcc/bfin-elf/4.3.5/crtlibid.o
 .comment       0x0000003d       0x1d Audio_test.o
 .comment       0x0000005a       0x1d sincos.o
 .comment       0x00000077       0x1d /opt/uClinux/bfin-elf/lib/gcc/bfin-elf/4.3.5/../../../../bfin-elf/lib/libc.a(atexit.o)
 .comment       0x00000094       0x1d /opt/uClinux/bfin-elf/lib/gcc/bfin-elf/4.3.5/../../../../bfin-elf/lib/libc.a(exit.o)
 .comment       0x000000b1       0x1d /opt/uClinux/bfin-elf/lib/gcc/bfin-elf/4.3.5/../../../../bfin-elf/lib/libc.a(impure.o)
 .comment       0x000000ce       0x1d /opt/uClinux/bfin-elf/lib/gcc/bfin-elf/4.3.5/../../../../bfin-elf/lib/libc.a(memset.o)
 .comment       0x000000eb       0x1d /opt/uClinux/bfin-elf/lib/gcc/bfin-elf/4.3.5/../../../../bfin-elf/lib/libc.a(__atexit.o)
 .comment       0x00000108       0x1d /opt/uClinux/bfin-elf/lib/gcc/bfin-elf/4.3.5/../../../../bfin-elf/lib/libc.a(__call_atexit.o)
 .comment       0x00000125       0x1d /opt/uClinux/bfin-elf/lib/gcc/bfin-elf/4.3.5/../../../../bfin-elf/lib/libnosys.a(_exit.o)
 .comment       0x00000142       0x1d /opt/uClinux/bfin-elf/lib/gcc/bfin-elf/4.3.5/crtend.o
 .comment       0x0000015f        0xe /opt/uClinux/bfin-elf/lib/gcc/bfin-elf/4.3.5/crtn.o

.debug
 *(.debug)

.line
 *(.line)

.debug_srcinfo
 *(.debug_srcinfo)

.debug_sfnames
 *(.debug_sfnames)

.debug_aranges  0x00000000      0x180
 *(.debug_aranges)
 .debug_aranges
                0x00000000       0x20 /opt/uClinux/bfin-elf/lib/gcc/bfin-elf/4.3.5/../../../../bfin-elf/lib/basiccrt.o
 .debug_aranges
                0x00000020       0x20 Audio_test.o
 .debug_aranges
                0x00000040       0x20 sincos.o
 .debug_aranges
                0x00000060       0x20 /opt/uClinux/bfin-elf/lib/gcc/bfin-elf/4.3.5/libgcc.a(_divsi3.o)
 .debug_aranges
                0x00000080       0x20 /opt/uClinux/bfin-elf/lib/gcc/bfin-elf/4.3.5/libgcc.a(_udivsi3.o)
 .debug_aranges
                0x000000a0       0x20 /opt/uClinux/bfin-elf/lib/gcc/bfin-elf/4.3.5/libgcc.a(_modsi3.o)
 .debug_aranges
                0x000000c0       0x20 /opt/uClinux/bfin-elf/lib/gcc/bfin-elf/4.3.5/../../../../bfin-elf/lib/libc.a(atexit.o)
 .debug_aranges
                0x000000e0       0x20 /opt/uClinux/bfin-elf/lib/gcc/bfin-elf/4.3.5/../../../../bfin-elf/lib/libc.a(exit.o)
 .debug_aranges
                0x00000100       0x20 /opt/uClinux/bfin-elf/lib/gcc/bfin-elf/4.3.5/../../../../bfin-elf/lib/libc.a(memset.o)
 .debug_aranges
                0x00000120       0x20 /opt/uClinux/bfin-elf/lib/gcc/bfin-elf/4.3.5/../../../../bfin-elf/lib/libc.a(__atexit.o)
 .debug_aranges
                0x00000140       0x20 /opt/uClinux/bfin-elf/lib/gcc/bfin-elf/4.3.5/../../../../bfin-elf/lib/libc.a(__call_atexit.o)
 .debug_aranges
                0x00000160       0x20 /opt/uClinux/bfin-elf/lib/gcc/bfin-elf/4.3.5/../../../../bfin-elf/lib/libnosys.a(_exit.o)

.debug_pubnames
                0x00000000      0x2fc
 *(.debug_pubnames)
 .debug_pubnames
                0x00000000      0x1bc Audio_test.o
 .debug_pubnames
                0x000001bc       0x45 sincos.o
 .debug_pubnames
                0x00000201       0x1d /opt/uClinux/bfin-elf/lib/gcc/bfin-elf/4.3.5/../../../../bfin-elf/lib/libc.a(atexit.o)
 .debug_pubnames
                0x0000021e       0x1b /opt/uClinux/bfin-elf/lib/gcc/bfin-elf/4.3.5/../../../../bfin-elf/lib/libc.a(exit.o)
 .debug_pubnames
                0x00000239       0x39 /opt/uClinux/bfin-elf/lib/gcc/bfin-elf/4.3.5/../../../../bfin-elf/lib/libc.a(impure.o)
 .debug_pubnames
                0x00000272       0x1d /opt/uClinux/bfin-elf/lib/gcc/bfin-elf/4.3.5/../../../../bfin-elf/lib/libc.a(memset.o)
 .debug_pubnames
                0x0000028f       0x2a /opt/uClinux/bfin-elf/lib/gcc/bfin-elf/4.3.5/../../../../bfin-elf/lib/libc.a(__atexit.o)
 .debug_pubnames
                0x000002b9       0x27 /opt/uClinux/bfin-elf/lib/gcc/bfin-elf/4.3.5/../../../../bfin-elf/lib/libc.a(__call_atexit.o)
 .debug_pubnames
                0x000002e0       0x1c /opt/uClinux/bfin-elf/lib/gcc/bfin-elf/4.3.5/../../../../bfin-elf/lib/libnosys.a(_exit.o)

.debug_info     0x00000000     0x332e
 *(.debug_info .gnu.linkonce.wi.*)
 .debug_info    0x00000000       0xd0 /opt/uClinux/bfin-elf/lib/gcc/bfin-elf/4.3.5/../../../../bfin-elf/lib/basiccrt.o
 .debug_info    0x000000d0      0x6d7 Audio_test.o
 .debug_info    0x000007a7      0x18a sincos.o
 .debug_info    0x00000931       0xd8 /opt/uClinux/bfin-elf/lib/gcc/bfin-elf/4.3.5/libgcc.a(_divsi3.o)
 .debug_info    0x00000a09       0xd8 /opt/uClinux/bfin-elf/lib/gcc/bfin-elf/4.3.5/libgcc.a(_udivsi3.o)
 .debug_info    0x00000ae1       0xd8 /opt/uClinux/bfin-elf/lib/gcc/bfin-elf/4.3.5/libgcc.a(_modsi3.o)
 .debug_info    0x00000bb9       0xba /opt/uClinux/bfin-elf/lib/gcc/bfin-elf/4.3.5/../../../../bfin-elf/lib/libc.a(atexit.o)
 .debug_info    0x00000c73      0x923 /opt/uClinux/bfin-elf/lib/gcc/bfin-elf/4.3.5/../../../../bfin-elf/lib/libc.a(exit.o)
 .debug_info    0x00001596      0x91a /opt/uClinux/bfin-elf/lib/gcc/bfin-elf/4.3.5/../../../../bfin-elf/lib/libc.a(impure.o)
 .debug_info    0x00001eb0      0x108 /opt/uClinux/bfin-elf/lib/gcc/bfin-elf/4.3.5/../../../../bfin-elf/lib/libc.a(memset.o)
 .debug_info    0x00001fb8      0x98f /opt/uClinux/bfin-elf/lib/gcc/bfin-elf/4.3.5/../../../../bfin-elf/lib/libc.a(__atexit.o)
 .debug_info    0x00002947      0x998 /opt/uClinux/bfin-elf/lib/gcc/bfin-elf/4.3.5/../../../../bfin-elf/lib/libc.a(__call_atexit.o)
 .debug_info    0x000032df       0x4f /opt/uClinux/bfin-elf/lib/gcc/bfin-elf/4.3.5/../../../../bfin-elf/lib/libnosys.a(_exit.o)

.debug_abbrev   0x00000000      0xab9
 *(.debug_abbrev)
 .debug_abbrev  0x00000000       0x14 /opt/uClinux/bfin-elf/lib/gcc/bfin-elf/4.3.5/../../../../bfin-elf/lib/basiccrt.o
 .debug_abbrev  0x00000014      0x1e1 Audio_test.o
 .debug_abbrev  0x000001f5       0xac sincos.o
 .debug_abbrev  0x000002a1       0x14 /opt/uClinux/bfin-elf/lib/gcc/bfin-elf/4.3.5/libgcc.a(_divsi3.o)
 .debug_abbrev  0x000002b5       0x14 /opt/uClinux/bfin-elf/lib/gcc/bfin-elf/4.3.5/libgcc.a(_udivsi3.o)
 .debug_abbrev  0x000002c9       0x14 /opt/uClinux/bfin-elf/lib/gcc/bfin-elf/4.3.5/libgcc.a(_modsi3.o)
 .debug_abbrev  0x000002dd       0x7f /opt/uClinux/bfin-elf/lib/gcc/bfin-elf/4.3.5/../../../../bfin-elf/lib/libc.a(atexit.o)
 .debug_abbrev  0x0000035c      0x175 /opt/uClinux/bfin-elf/lib/gcc/bfin-elf/4.3.5/../../../../bfin-elf/lib/libc.a(exit.o)
 .debug_abbrev  0x000004d1      0x15e /opt/uClinux/bfin-elf/lib/gcc/bfin-elf/4.3.5/../../../../bfin-elf/lib/libc.a(impure.o)
 .debug_abbrev  0x0000062f       0xb0 /opt/uClinux/bfin-elf/lib/gcc/bfin-elf/4.3.5/../../../../bfin-elf/lib/libc.a(memset.o)
 .debug_abbrev  0x000006df      0x1d8 /opt/uClinux/bfin-elf/lib/gcc/bfin-elf/4.3.5/../../../../bfin-elf/lib/libc.a(__atexit.o)
 .debug_abbrev  0x000008b7      0x1bf /opt/uClinux/bfin-elf/lib/gcc/bfin-elf/4.3.5/../../../../bfin-elf/lib/libc.a(__call_atexit.o)
 .debug_abbrev  0x00000a76       0x43 /opt/uClinux/bfin-elf/lib/gcc/bfin-elf/4.3.5/../../../../bfin-elf/lib/libnosys.a(_exit.o)

.debug_line     0x00000000      0xd73
 *(.debug_line)
 .debug_line    0x00000000      0x125 /opt/uClinux/bfin-elf/lib/gcc/bfin-elf/4.3.5/../../../../bfin-elf/lib/basiccrt.o
 .debug_line    0x00000125      0x1af Audio_test.o
 .debug_line    0x000002d4       0x9f sincos.o
 .debug_line    0x00000373       0xcd /opt/uClinux/bfin-elf/lib/gcc/bfin-elf/4.3.5/libgcc.a(_divsi3.o)
 .debug_line    0x00000440       0xc7 /opt/uClinux/bfin-elf/lib/gcc/bfin-elf/4.3.5/libgcc.a(_udivsi3.o)
 .debug_line    0x00000507       0x9b /opt/uClinux/bfin-elf/lib/gcc/bfin-elf/4.3.5/libgcc.a(_modsi3.o)
 .debug_line    0x000005a2       0x93 /opt/uClinux/bfin-elf/lib/gcc/bfin-elf/4.3.5/../../../../bfin-elf/lib/libc.a(atexit.o)
 .debug_line    0x00000635      0x156 /opt/uClinux/bfin-elf/lib/gcc/bfin-elf/4.3.5/../../../../bfin-elf/lib/libc.a(exit.o)
 .debug_line    0x0000078b      0x142 /opt/uClinux/bfin-elf/lib/gcc/bfin-elf/4.3.5/../../../../bfin-elf/lib/libc.a(impure.o)
 .debug_line    0x000008cd      0x10e /opt/uClinux/bfin-elf/lib/gcc/bfin-elf/4.3.5/../../../../bfin-elf/lib/libc.a(memset.o)
 .debug_line    0x000009db      0x180 /opt/uClinux/bfin-elf/lib/gcc/bfin-elf/4.3.5/../../../../bfin-elf/lib/libc.a(__atexit.o)
 .debug_line    0x00000b5b      0x194 /opt/uClinux/bfin-elf/lib/gcc/bfin-elf/4.3.5/../../../../bfin-elf/lib/libc.a(__call_atexit.o)
 .debug_line    0x00000cef       0x84 /opt/uClinux/bfin-elf/lib/gcc/bfin-elf/4.3.5/../../../../bfin-elf/lib/libnosys.a(_exit.o)

.debug_frame    0x00000000      0x548
 *(.debug_frame)
 .debug_frame   0x00000000      0x3d8 Audio_test.o
 .debug_frame   0x000003d8       0x58 sincos.o
 .debug_frame   0x00000430       0x28 /opt/uClinux/bfin-elf/lib/gcc/bfin-elf/4.3.5/../../../../bfin-elf/lib/libc.a(atexit.o)
 .debug_frame   0x00000458       0x30 /opt/uClinux/bfin-elf/lib/gcc/bfin-elf/4.3.5/../../../../bfin-elf/lib/libc.a(exit.o)
 .debug_frame   0x00000488       0x34 /opt/uClinux/bfin-elf/lib/gcc/bfin-elf/4.3.5/../../../../bfin-elf/lib/libc.a(memset.o)
 .debug_frame   0x000004bc       0x28 /opt/uClinux/bfin-elf/lib/gcc/bfin-elf/4.3.5/../../../../bfin-elf/lib/libc.a(__atexit.o)
 .debug_frame   0x000004e4       0x3c /opt/uClinux/bfin-elf/lib/gcc/bfin-elf/4.3.5/../../../../bfin-elf/lib/libc.a(__call_atexit.o)
 .debug_frame   0x00000520       0x28 /opt/uClinux/bfin-elf/lib/gcc/bfin-elf/4.3.5/../../../../bfin-elf/lib/libnosys.a(_exit.o)

.debug_str      0x00000000      0x99b
 *(.debug_str)
 .debug_str     0x00000000      0x2b9 Audio_test.o
                                0x328 (size before relaxing)
 .debug_str     0x000002b9       0x4e sincos.o
                                0x154 (size before relaxing)
 .debug_str     0x00000307       0x86 /opt/uClinux/bfin-elf/lib/gcc/bfin-elf/4.3.5/../../../../bfin-elf/lib/libc.a(atexit.o)
                                0x116 (size before relaxing)
 .debug_str     0x0000038d      0x3e7 /opt/uClinux/bfin-elf/lib/gcc/bfin-elf/4.3.5/../../../../bfin-elf/lib/libc.a(exit.o)
                                0x49b (size before relaxing)
 .debug_str     0x00000774       0x61 /opt/uClinux/bfin-elf/lib/gcc/bfin-elf/4.3.5/../../../../bfin-elf/lib/libc.a(impure.o)
                                0x49e (size before relaxing)
 .debug_str     0x000007d5       0x71 /opt/uClinux/bfin-elf/lib/gcc/bfin-elf/4.3.5/../../../../bfin-elf/lib/libc.a(memset.o)
                                0x101 (size before relaxing)
 .debug_str     0x00000846       0x7f /opt/uClinux/bfin-elf/lib/gcc/bfin-elf/4.3.5/../../../../bfin-elf/lib/libc.a(__atexit.o)
                                0x4e5 (size before relaxing)
 .debug_str     0x000008c5       0x7c /opt/uClinux/bfin-elf/lib/gcc/bfin-elf/4.3.5/../../../../bfin-elf/lib/libc.a(__call_atexit.o)
                                0x4b7 (size before relaxing)
 .debug_str     0x00000941       0x5a /opt/uClinux/bfin-elf/lib/gcc/bfin-elf/4.3.5/../../../../bfin-elf/lib/libnosys.a(_exit.o)
                                 0x66 (size before relaxing)

.debug_loc      0x00000000      0x9a1
 *(.debug_loc)
 .debug_loc     0x00000000      0x5ca Audio_test.o
 .debug_loc     0x000005ca       0x5d sincos.o
 .debug_loc     0x00000627       0x3d /opt/uClinux/bfin-elf/lib/gcc/bfin-elf/4.3.5/../../../../bfin-elf/lib/libc.a(atexit.o)
 .debug_loc     0x00000664       0x49 /opt/uClinux/bfin-elf/lib/gcc/bfin-elf/4.3.5/../../../../bfin-elf/lib/libc.a(exit.o)
 .debug_loc     0x000006ad      0x100 /opt/uClinux/bfin-elf/lib/gcc/bfin-elf/4.3.5/../../../../bfin-elf/lib/libc.a(memset.o)
 .debug_loc     0x000007ad       0x92 /opt/uClinux/bfin-elf/lib/gcc/bfin-elf/4.3.5/../../../../bfin-elf/lib/libc.a(__atexit.o)
 .debug_loc     0x0000083f      0x143 /opt/uClinux/bfin-elf/lib/gcc/bfin-elf/4.3.5/../../../../bfin-elf/lib/libc.a(__call_atexit.o)
 .debug_loc     0x00000982       0x1f /opt/uClinux/bfin-elf/lib/gcc/bfin-elf/4.3.5/../../../../bfin-elf/lib/libnosys.a(_exit.o)

.debug_macinfo
 *(.debug_macinfo)

.debug_weaknames
 *(.debug_weaknames)

.debug_funcnames
 *(.debug_funcnames)

.debug_typenames
 *(.debug_typenames)

.debug_varnames
 *(.debug_varnames)
                0xffb01000                __stack_end = 0xffb01000

/DISCARD/
 *(.note.GNU-stack)
LOAD /opt/uClinux/bfin-elf/lib/gcc/bfin-elf/4.3.5/libgcc.a
LOAD /opt/uClinux/bfin-elf/lib/gcc/bfin-elf/4.3.5/crtend.o
LOAD /opt/uClinux/bfin-elf/lib/gcc/bfin-elf/4.3.5/crtn.o
OUTPUT(Audio_test.elf elf32-bfin)

.debug_ranges   0x00000000       0x28
 .debug_ranges  0x00000000       0x28 /opt/uClinux/bfin-elf/lib/gcc/bfin-elf/4.3.5/../../../../bfin-elf/lib/libc.a(__call_atexit.o)
